[Licensing::Module] Trying to connect to existing licensing client channel...
Built from '6000.2/staging' branch; Version is '6000.2.1f1 (55300504c302) revision 5582853'; Using compiler version '194234433'; Build Type 'Release'
[Licensing::IpcConnector] Successfully connected to: "LicenseClient-Steven" at "2025-12-04T23:44:30.8985969Z"
OS: 'Windows 11  (10.0.26200) 64bit Core' Language: 'en' Physical Memory: 49041 MB
BatchMode: 1, IsHumanControllingUs: 0, StartBugReporterOnCrash: 0, Is64bit: 1
Date: 2025-12-04T23:44:30Z

COMMAND LINE ARGUMENTS:
C:\Program Files\Unity\Hub\Editor\6000.2.1f1\Editor\Unity.exe
-adb2
-batchMode
-noUpm
-name
AssetImportWorker1
-projectPath
C:/Users/Steven/Documents/UnityProjects/MAGD372-SP25/MAGD372-SP25
-logFile
Logs/AssetImportWorker1.log
-srvPort
49671
-licensingIpc
LicenseClient-Steven
-job-worker-count
7
-background-job-worker-count
8
-gc-helper-count
1
-name
AssetImport
Successfully changed project path to: C:/Users/Steven/Documents/UnityProjects/MAGD372-SP25/MAGD372-SP25
C:/Users/Steven/Documents/UnityProjects/MAGD372-SP25/MAGD372-SP25
[UnityMemory] Configuration Parameters - Can be set up in boot.config
    "memorysetup-allocator-temp-initial-block-size-main=262144"
    "memorysetup-allocator-temp-initial-block-size-worker=262144"
    "memorysetup-bucket-allocator-granularity=16"
    "memorysetup-bucket-allocator-bucket-count=8"
    "memorysetup-bucket-allocator-block-size=33554432"
    "memorysetup-bucket-allocator-block-count=8"
    "memorysetup-main-allocator-block-size=16777216"
    "memorysetup-thread-allocator-block-size=16777216"
    "memorysetup-gfx-main-allocator-block-size=16777216"
    "memorysetup-gfx-thread-allocator-block-size=16777216"
    "memorysetup-cache-allocator-block-size=4194304"
    "memorysetup-typetree-allocator-block-size=2097152"
    "memorysetup-profiler-bucket-allocator-granularity=16"
    "memorysetup-profiler-bucket-allocator-bucket-count=8"
    "memorysetup-profiler-bucket-allocator-block-size=33554432"
    "memorysetup-profiler-bucket-allocator-block-count=8"
    "memorysetup-profiler-allocator-block-size=16777216"
    "memorysetup-profiler-editor-allocator-block-size=1048576"
    "memorysetup-temp-allocator-size-main=16777216"
    "memorysetup-job-temp-allocator-block-size=2097152"
    "memorysetup-job-temp-allocator-block-size-background=1048576"
    "memorysetup-job-temp-allocator-reduction-small-platforms=262144"
    "memorysetup-temp-allocator-size-background-worker=32768"
    "memorysetup-temp-allocator-size-job-worker=262144"
    "memorysetup-temp-allocator-size-preload-manager=33554432"
    "memorysetup-temp-allocator-size-nav-mesh-worker=65536"
    "memorysetup-temp-allocator-size-audio-worker=65536"
    "memorysetup-temp-allocator-size-cloud-worker=32768"
    "memorysetup-temp-allocator-size-gi-baking-worker=262144"
    "memorysetup-temp-allocator-size-gi-baking-worker=262144"
    "memorysetup-temp-allocator-size-gi-baking-worker=262144"
    "memorysetup-temp-allocator-size-gi-baking-worker=262144"
    "memorysetup-temp-allocator-size-gi-baking-worker=262144"
    "memorysetup-temp-allocator-size-gfx=262144"
Player connection [14668]  Target information:

Player connection [14668]  * "[IP] 173.0.251.215 [Port] 0 [Flags] 2 [Guid] 2685391884 [EditorId] 2685391884 [Version] 1048832 [Id] WindowsEditor(7,DESKTOP-UKN0W4N) [Debug] 1 [PackageName] WindowsEditor [ProjectName] Editor" 

Player connection [14668] Host joined multi-casting on [225.0.0.222:54997]...
Player connection [14668] Host joined alternative multi-casting on [225.0.0.222:34997]...
JobSystem: Creating JobQueue using job-worker-count value 7
Input System module state changed to: Initialized.
[Physics::Module] Initialized fallback backend.
[Physics::Module] Id: 0xdecafbad
[Licensing::Client] Code 10 while verifying Licensing Client signature (process Id: 24456, path: "C:/Program Files/Unity Hub/UnityLicensingClient_V1/Unity.Licensing.Client.exe")
[Licensing::Module] LicensingClient has failed validation; ignoring
[Licensing::Client] Handshaking with LicensingClient:
  Version:                 1.17.3+a4e98f1
  Session Id:              53d6a70405604effbb6d82e56ab2e813
  Correlation Id:          da7b72c8b5d0db2756b1cf1bdfdae033
  External correlation Id: 8761640807527107580
  Machine Id:              fB21Ryp+Kfk3fGtWChDQqvoNjxw=
[Licensing::Module] Successfully connected to LicensingClient on channel: "LicenseClient-Steven" (connect: 0.00s, validation: 0.00s, handshake: 0.04s)
[Licensing::IpcConnector] Successfully connected to: "LicenseClient-Steven-notifications" at "2025-12-04T23:44:30.9401502Z"
[Licensing::Module] Licensing Background thread has ended after 0.04s
Library Redirect Path: Library/
[Physics::Module] Selected backend.
[Physics::Module] Name: PhysX
[Physics::Module] Id: 0xf2b8ea05
[Physics::Module] SDK Version: 4.1.2
[Physics::Module] Integration Version: 1.0.0
[Physics::Module] Threading Mode: Multi-Threaded
Refreshing native plugins compatible for Editor in 2.65 ms, found 3 plugins.
Preloading 0 native plugins for Editor in 0.00 ms.
Initialize engine version: 6000.2.1f1 (55300504c302)
[Subsystems] Discovering subsystems at path C:/Program Files/Unity/Hub/Editor/6000.2.1f1/Editor/Data/Resources/UnitySubsystems
[Subsystems] Discovering subsystems at path C:/Users/Steven/Documents/UnityProjects/MAGD372-SP25/MAGD372-SP25/Assets
GfxDevice: creating device client; kGfxThreadingModeNonThreaded
d3d12: failed to query info queue interface (0x80004002).
Direct3D:
    Version:         Direct3D 12 [level 12.1]
    Renderer:        NVIDIA GeForce RTX 3070 (ID=0x2488)
    Vendor:          NVIDIA
    VRAM:            8018 MB
    App VRAM Budget: 7250 MB
    Driver:          32.0.15.8180
Initialize mono
Mono path[0] = 'C:/Program Files/Unity/Hub/Editor/6000.2.1f1/Editor/Data/Managed'
Mono path[1] = 'C:/Program Files/Unity/Hub/Editor/6000.2.1f1/Editor/Data/MonoBleedingEdge/lib/mono/unityjit-win32'
Mono config path = 'C:/Program Files/Unity/Hub/Editor/6000.2.1f1/Editor/Data/MonoBleedingEdge/etc'
Using monoOptions --debugger-agent=transport=dt_socket,embedding=1,server=y,suspend=n,address=127.0.0.1:56052
Begin MonoManager ReloadAssembly
Registering precompiled unity dll's ...
Register platform support module: C:/Program Files/Unity/Hub/Editor/6000.2.1f1/Editor/Data/PlaybackEngines/MacStandaloneSupport/UnityEditor.OSXStandalone.Extensions.dll
Register platform support module: C:/Program Files/Unity/Hub/Editor/6000.2.1f1/Editor/Data/PlaybackEngines/WindowsStandaloneSupport/UnityEditor.WindowsStandalone.Extensions.dll
[Licensing::Client] Successfully resolved entitlement details
[Licensing::Module] License group:
  Id: 2475791050566-UnityPersXXXX
  Product: Unity Personal
  Type: Assigned
  Expiration: Unlimited
Register platform support module: C:/Program Files/Unity/Hub/Editor/6000.2.1f1/Editor/Data/PlaybackEngines/MetroSupport/UnityEditor.UWP.Extensions.dll
[Licensing::Client] Successfully resolved entitlement details
Register platform support module: C:/Program Files/Unity/Hub/Editor/6000.2.1f1/Editor/Data/PlaybackEngines/AndroidPlayer/UnityEditor.Android.Extensions.dll
[Licensing::Client] Successfully resolved entitlement details
Register platform support module: C:/Program Files/Unity/Hub/Editor/6000.2.1f1/Editor/Data/PlaybackEngines/iOSSupport/UnityEditor.iOS.Extensions.dll
Registered in 0.010225 seconds.
- Loaded All Assemblies, in  0.620 seconds
[usbmuxd] Start listen thread
[usbmuxd] Listen thread started
Native extension for iOS target not found
Native extension for Android target not found
Android Extension - Scanning For ADB Devices 244 ms
Native extension for UWP target not found
Native extension for WindowsStandalone target not found
Native extension for OSXStandalone target not found
Mono: successfully reloaded assembly
- Finished resetting the current domain, in  0.640 seconds
Domain Reload Profiling: 1257ms
	BeginReloadAssembly (145ms)
		ExecutionOrderSort (0ms)
		DisableScriptedObjects (0ms)
		BackupInstance (0ms)
		ReleaseScriptingObjects (0ms)
		CreateAndSetChildDomain (1ms)
	RebuildCommonClasses (240ms)
	RebuildNativeTypeToScriptingClass (12ms)
	initialDomainReloadingComplete (58ms)
	LoadAllAssembliesAndSetupDomain (162ms)
		LoadAssemblies (141ms)
		RebuildTransferFunctionScriptingTraits (0ms)
		AnalyzeDomain (158ms)
			TypeCache.Refresh (156ms)
				TypeCache.ScanAssembly (144ms)
			BuildScriptInfoCaches (0ms)
			ResolveRequiredComponents (1ms)
	FinalizeReload (640ms)
		ReleaseScriptCaches (0ms)
		RebuildScriptCaches (0ms)
		SetupLoadedEditorAssemblies (605ms)
			LogAssemblyErrors (0ms)
			InitializePlatformSupportModulesInManaged (363ms)
			SetLoadedEditorAssemblies (5ms)
			BeforeProcessingInitializeOnLoad (63ms)
			ProcessInitializeOnLoadAttributes (115ms)
			ProcessInitializeOnLoadMethodAttributes (60ms)
			AfterProcessingInitializeOnLoad (0ms)
			EditorAssembliesLoaded (0ms)
		ExecutionOrderSort2 (0ms)
		AwakeInstancesAfterBackupRestoration (0ms)
========================================================================
Worker process is ready to serve import requests
Import Worker Mode flag is 0x00
Begin MonoManager ReloadAssembly
[Licensing::Client] Successfully resolved entitlement details
- Loaded All Assemblies, in  0.993 seconds
'Packages/com.unity.render-pipelines.high-definition/Editor/Wizard/HDWizard.UIElement.cs' contains partial class of Unity.Object, exactly 1 of the partial classes needs to be in a file with the same filename. This is to know the one that can be referenced from ie. GameObjects
'Packages/com.unity.render-pipelines.high-definition/Editor/Wizard/HDWizard.Configuration.cs' contains partial class of Unity.Object, exactly 1 of the partial classes needs to be in a file with the same filename. This is to know the one that can be referenced from ie. GameObjects
'Packages/com.unity.render-pipelines.high-definition/Editor/Wizard/HDWizard.Window.cs' contains partial class of Unity.Object, exactly 1 of the partial classes needs to be in a file with the same filename. This is to know the one that can be referenced from ie. GameObjects
Refreshing native plugins compatible for Editor in 1.40 ms, found 3 plugins.
Native extension for iOS target not found
Native extension for Android target not found
Native extension for UWP target not found
Native extension for WindowsStandalone target not found
Native extension for OSXStandalone target not found
Package Manager log level set to [2]
[Package Manager] Failed to launch server process. Reason: Unity was launched with the -noUpm command-line argument
[Package Manager] Unable to send message (not connected to server process).
[Package Manager] Cannot connect to Unity Package Manager local server
[MODES] ModeService[none].Initialize
[MODES] ModeService[none].LoadModes
[MODES] Loading mode Default (0) for mode-current-id-MAGD372-SP25
Mono: successfully reloaded assembly
- Finished resetting the current domain, in  0.998 seconds
Domain Reload Profiling: 1983ms
	BeginReloadAssembly (207ms)
		ExecutionOrderSort (0ms)
		DisableScriptedObjects (9ms)
		BackupInstance (0ms)
		ReleaseScriptingObjects (0ms)
		CreateAndSetChildDomain (31ms)
	RebuildCommonClasses (40ms)
	RebuildNativeTypeToScriptingClass (14ms)
	initialDomainReloadingComplete (43ms)
	LoadAllAssembliesAndSetupDomain (681ms)
		LoadAssemblies (451ms)
		RebuildTransferFunctionScriptingTraits (0ms)
		AnalyzeDomain (336ms)
			TypeCache.Refresh (243ms)
				TypeCache.ScanAssembly (225ms)
			BuildScriptInfoCaches (75ms)
			ResolveRequiredComponents (13ms)
	FinalizeReload (999ms)
		ReleaseScriptCaches (0ms)
		RebuildScriptCaches (0ms)
		SetupLoadedEditorAssemblies (770ms)
			LogAssemblyErrors (0ms)
			InitializePlatformSupportModulesInManaged (13ms)
			SetLoadedEditorAssemblies (3ms)
			BeforeProcessingInitializeOnLoad (147ms)
			ProcessInitializeOnLoadAttributes (487ms)
			ProcessInitializeOnLoadMethodAttributes (112ms)
			AfterProcessingInitializeOnLoad (8ms)
			EditorAssembliesLoaded (0ms)
		ExecutionOrderSort2 (0ms)
		AwakeInstancesAfterBackupRestoration (6ms)
WARNING: Shader Unsupported: 'Hidden/Builtin_TerrainVisualization' - All subshaders removed
WARNING: Shader Did you use #pragma only_renderers and omit this platform?
WARNING: Shader If subshaders removal was intentional, you may have forgotten turning Fallback off?
WARNING: Shader Unsupported: 'Hidden/Builtin_TerrainVisualization' - All subshaders removed
WARNING: Shader Did you use #pragma only_renderers and omit this platform?
WARNING: Shader If subshaders removal was intentional, you may have forgotten turning Fallback off?
Launched and connected shader compiler UnityShaderCompiler.exe after 0.01 seconds
Refreshing native plugins compatible for Editor in 1.50 ms, found 3 plugins.
Preloading 0 native plugins for Editor in 0.00 ms.
Unloading 196 Unused Serialized files (Serialized files now loaded: 0)
Unloading 8369 unused Assets / (25.4 MB). Loaded Objects now: 9143.
Memory consumption went from 271.6 MB to 246.2 MB.
Total: 13.967100 ms (FindLiveObjects: 0.863600 ms CreateObjectMapping: 0.885800 ms MarkObjects: 5.817900 ms  DeleteObjects: 6.399100 ms)

========================================================================
Received Import Request.
  Time since last request: 220375.481314 seconds.
  path: Assets/MotorcyclePack_/MotorcyclePack_SRP_Build_/Textures/19-2.png
  artifactKey: Guid(591c1c0ee9a1add4a9be4ad3ec1a73e7) Importer(815301076,1909f56bfc062723c751e8b465ee728b)
Start importing Assets/MotorcyclePack_/MotorcyclePack_SRP_Build_/Textures/19-2.png using Guid(591c1c0ee9a1add4a9be4ad3ec1a73e7) Importer(815301076,1909f56bfc062723c751e8b465ee728b) (PreviewImporter) -> (artifact id: 'd59c8a8bdf1d69ecd114f5011b7f2251') in 0.1119013 seconds
Number of updated asset objects reloaded before import = 0Number of asset objects unloaded after import = 2

========================================================================
Received Import Request.
  Time since last request: 0.000029 seconds.
  path: Assets/MotorcyclePack_/MotorcyclePack_SRP_Build_/Textures/21-1n.png
  artifactKey: Guid(1158d5281cfe07f45853416a21728fad) Importer(815301076,1909f56bfc062723c751e8b465ee728b)
Start importing Assets/MotorcyclePack_/MotorcyclePack_SRP_Build_/Textures/21-1n.png using Guid(1158d5281cfe07f45853416a21728fad) Importer(815301076,1909f56bfc062723c751e8b465ee728b) (PreviewImporter) -> (artifact id: 'c7d4baef0d19b4ae7b225ada31d26343') in 0.0163843 seconds
Number of updated asset objects reloaded before import = 0Number of asset objects unloaded after import = 2

========================================================================
Received Import Request.
  Time since last request: 0.000015 seconds.
  path: Assets/MotorcyclePack_/MotorcyclePack_SRP_Build_/Textures/21-1.png
  artifactKey: Guid(e6683f291f22f5c4a8c535379bb923e4) Importer(815301076,1909f56bfc062723c751e8b465ee728b)
Start importing Assets/MotorcyclePack_/MotorcyclePack_SRP_Build_/Textures/21-1.png using Guid(e6683f291f22f5c4a8c535379bb923e4) Importer(815301076,1909f56bfc062723c751e8b465ee728b) (PreviewImporter) -> (artifact id: 'c0bcaa9532da6bf24e78353698fd19b9') in 0.0194347 seconds
Number of updated asset objects reloaded before import = 0Number of asset objects unloaded after import = 2

========================================================================
Received Import Request.
  Time since last request: 0.000014 seconds.
  path: Assets/MotorcyclePack_/MotorcyclePack_SRP_Build_/Textures/19-1.png
  artifactKey: Guid(7ada0685c3787eb43a8599ca61d6e723) Importer(815301076,1909f56bfc062723c751e8b465ee728b)
Start importing Assets/MotorcyclePack_/MotorcyclePack_SRP_Build_/Textures/19-1.png using Guid(7ada0685c3787eb43a8599ca61d6e723) Importer(815301076,1909f56bfc062723c751e8b465ee728b) (PreviewImporter) -> (artifact id: '372bd324aa7e734be070eadefdd6d4ef') in 0.0126884 seconds
Number of updated asset objects reloaded before import = 0Number of asset objects unloaded after import = 2

========================================================================
Received Import Request.
  Time since last request: 0.000015 seconds.
  path: Assets/MotorcyclePack_/MotorcyclePack_SRP_Build_/Textures/13.png
  artifactKey: Guid(b4ec5fbd96c7a6b41b5a973aaa6f2407) Importer(815301076,1909f56bfc062723c751e8b465ee728b)
Start importing Assets/MotorcyclePack_/MotorcyclePack_SRP_Build_/Textures/13.png using Guid(b4ec5fbd96c7a6b41b5a973aaa6f2407) Importer(815301076,1909f56bfc062723c751e8b465ee728b) (PreviewImporter) -> (artifact id: '1a5083ce412bb0fc1f62f4802a694607') in 0.0174656 seconds
Number of updated asset objects reloaded before import = 0Number of asset objects unloaded after import = 2

========================================================================
Received Import Request.
  Time since last request: 6.697962 seconds.
  path: Assets/TextMesh Pro/Resources/Fonts & Materials/LiberationSans SDF - Fallback.asset
  artifactKey: Guid(2e498d1c8094910479dc3e1b768306a4) Importer(815301076,1909f56bfc062723c751e8b465ee728b)
Start importing Assets/TextMesh Pro/Resources/Fonts & Materials/LiberationSans SDF - Fallback.asset using Guid(2e498d1c8094910479dc3e1b768306a4) Importer(815301076,1909f56bfc062723c751e8b465ee728b) (PreviewImporter) -> (artifact id: 'b1877562f5b376b457a9ac0e8f1edb6b') in 0.7080799 seconds
Number of updated asset objects reloaded before import = 0Number of asset objects unloaded after import = 333

========================================================================
Received Import Request.
  Time since last request: 0.000028 seconds.
  path: Assets/AwesomeFreeScans/WoodLogs/Textures/HighEndPC/T_AFS_Logs07_HighEndPC_A.png
  artifactKey: Guid(d457d02677627ca49bdc57c912122654) Importer(815301076,1909f56bfc062723c751e8b465ee728b)
Start importing Assets/AwesomeFreeScans/WoodLogs/Textures/HighEndPC/T_AFS_Logs07_HighEndPC_A.png using Guid(d457d02677627ca49bdc57c912122654) Importer(815301076,1909f56bfc062723c751e8b465ee728b) (PreviewImporter) -> (artifact id: '0818f57549b14c0159689527a8ab6278') in 0.0248402 seconds
Number of updated asset objects reloaded before import = 0Number of asset objects unloaded after import = 2

========================================================================
Received Import Request.
  Time since last request: 0.000028 seconds.
  path: Assets/Jettelly Skyboxes/A1 - Sun/SkyboxA1_UP.png
  artifactKey: Guid(18eeac2c05f96d244a6e4e0ce47c01d7) Importer(815301076,1909f56bfc062723c751e8b465ee728b)
Start importing Assets/Jettelly Skyboxes/A1 - Sun/SkyboxA1_UP.png using Guid(18eeac2c05f96d244a6e4e0ce47c01d7) Importer(815301076,1909f56bfc062723c751e8b465ee728b) (PreviewImporter) -> (artifact id: '0cbabb4ca1a76ff7d61296573802385c') in 0.0246276 seconds
Number of updated asset objects reloaded before import = 0Number of asset objects unloaded after import = 2

========================================================================
Received Import Request.
  Time since last request: 0.000019 seconds.
  path: Assets/Jettelly Skyboxes/B1 - Moon/SkyboxB1_DOWN.png
  artifactKey: Guid(093dc35d6a067e049ad1df71e045966c) Importer(815301076,1909f56bfc062723c751e8b465ee728b)
Start importing Assets/Jettelly Skyboxes/B1 - Moon/SkyboxB1_DOWN.png using Guid(093dc35d6a067e049ad1df71e045966c) Importer(815301076,1909f56bfc062723c751e8b465ee728b) (PreviewImporter) -> (artifact id: 'a6c8a2aec2bc19288e161b0f39fb27c9') in 0.0137278 seconds
Number of updated asset objects reloaded before import = 0Number of asset objects unloaded after import = 2

========================================================================
Received Import Request.
  Time since last request: 0.000019 seconds.
  path: Assets/AwesomeFreeScans/WoodLogs/Textures/HighEndPC/T_AFS_Logs05_HighEndPC_A.png
  artifactKey: Guid(4068909a53d1a98438774d76306a084d) Importer(815301076,1909f56bfc062723c751e8b465ee728b)
Start importing Assets/AwesomeFreeScans/WoodLogs/Textures/HighEndPC/T_AFS_Logs05_HighEndPC_A.png using Guid(4068909a53d1a98438774d76306a084d) Importer(815301076,1909f56bfc062723c751e8b465ee728b) (PreviewImporter) -> (artifact id: '5ebf71df29c0c42377e7892de12b443b') in 0.0260513 seconds
Number of updated asset objects reloaded before import = 0Number of asset objects unloaded after import = 2

========================================================================
Received Import Request.
  Time since last request: 0.340344 seconds.
  path: Assets/Diabolical Games/Destructible Objects/Textures/Wood5/Wood5 Albedo.png
  artifactKey: Guid(3833f636e9797654781ef1e8aad3b707) Importer(815301076,1909f56bfc062723c751e8b465ee728b)
Start importing Assets/Diabolical Games/Destructible Objects/Textures/Wood5/Wood5 Albedo.png using Guid(3833f636e9797654781ef1e8aad3b707) Importer(815301076,1909f56bfc062723c751e8b465ee728b) (PreviewImporter) -> (artifact id: 'cf3aef0c46de4fbaf28d3366fdec3429') in 0.0156533 seconds
Number of updated asset objects reloaded before import = 0Number of asset objects unloaded after import = 2

========================================================================
Received Import Request.
  Time since last request: 0.000021 seconds.
  path: Assets/Diabolical Games/Destructible Objects/Textures/Wood5/Wood5 Height.png
  artifactKey: Guid(f9f101b375a635e4984afbb0bb270c26) Importer(815301076,1909f56bfc062723c751e8b465ee728b)
Start importing Assets/Diabolical Games/Destructible Objects/Textures/Wood5/Wood5 Height.png using Guid(f9f101b375a635e4984afbb0bb270c26) Importer(815301076,1909f56bfc062723c751e8b465ee728b) (PreviewImporter) -> (artifact id: '6e75602983a5f576e908203c8d78bb7a') in 0.0176007 seconds
Number of updated asset objects reloaded before import = 0Number of asset objects unloaded after import = 2

========================================================================
Received Import Request.
  Time since last request: 1.055078 seconds.
  path: Assets/Diabolical Games/Destructible Objects/Textures/Wood6/Wood6 Normal.png
  artifactKey: Guid(1b8c1538946b3844d9a9729e1b22611d) Importer(815301076,1909f56bfc062723c751e8b465ee728b)
Start importing Assets/Diabolical Games/Destructible Objects/Textures/Wood6/Wood6 Normal.png using Guid(1b8c1538946b3844d9a9729e1b22611d) Importer(815301076,1909f56bfc062723c751e8b465ee728b) (PreviewImporter) -> (artifact id: 'f4c04e5d665545400fa534de360416c6') in 0.0191621 seconds
Number of updated asset objects reloaded before import = 0Number of asset objects unloaded after import = 2

========================================================================
Received Import Request.
  Time since last request: 0.000018 seconds.
  path: Assets/Diabolical Games/Destructible Objects/Textures/Wood4/Wood4 Albedo.png
  artifactKey: Guid(662a7346aac98bf4290f5608575ffb4c) Importer(815301076,1909f56bfc062723c751e8b465ee728b)
Start importing Assets/Diabolical Games/Destructible Objects/Textures/Wood4/Wood4 Albedo.png using Guid(662a7346aac98bf4290f5608575ffb4c) Importer(815301076,1909f56bfc062723c751e8b465ee728b) (PreviewImporter) -> (artifact id: '9bf097888db5beeb927228eba8a46d99') in 0.0186373 seconds
Number of updated asset objects reloaded before import = 0Number of asset objects unloaded after import = 2

========================================================================
Received Import Request.
  Time since last request: 0.000022 seconds.
  path: Assets/Diabolical Games/Destructible Objects/Textures/Wood4/Wood4 Height.png
  artifactKey: Guid(41b344282ebd06c47bf649131c0c29e9) Importer(815301076,1909f56bfc062723c751e8b465ee728b)
Start importing Assets/Diabolical Games/Destructible Objects/Textures/Wood4/Wood4 Height.png using Guid(41b344282ebd06c47bf649131c0c29e9) Importer(815301076,1909f56bfc062723c751e8b465ee728b) (PreviewImporter) -> (artifact id: '03a4c88b61e417e39e9602478be53de8') in 0.0160236 seconds
Number of updated asset objects reloaded before import = 0Number of asset objects unloaded after import = 2

Editor requested this worker to shutdown with reason: Scaling down because of idle timeout
AssetImportWorker is now disconnected from the server
Process exiting
Exiting without the bug reporter. Application will terminate with return code 0